MOV A, 2
MOV B, 3
MUL B
PUSH A
MOV A, 23
MOV B, 4
MUL B
PUSH A
MOV A, 2
MOV B, 3
MUL B
PUSH A
MOV A, 23
MOV B, 4
MUL B
PUSH A
MOV A, 2
MOV B, 3
MUL B
PUSH A
MOV A, 23
MOV B, 4
MUL B
PUSH A
MOV A, 4
MOV B, 2
ADD A, B
PUSH A
POP A
MOV B, 1
SUB A, B
PUSH A
MOV A, 2
POP B
MUL B
PUSH A
POP A
MOV B, 0
MUL B
PUSH A
POP A
POP B
ADD A, B
PUSH A
POP A
POP B
ADD A, B
PUSH A
POP A
MOV B, 1
SUB A, B
PUSH A
POP A
MOV B, 2
SUB A, B
PUSH A
POP A
MOV B, 3
SUB A, B
PUSH A
PUSH 3
MOV A, 4
POP B
MUL B
PUSH A
POP A
POP B
ADD A, B
PUSH A
MOV A, 2
POP B
MUL B
PUSH A
POP A
MOV B, 0
MUL B
PUSH A
POP A
POP B
ADD A, B
PUSH A
POP A
POP B
ADD A, B
PUSH A
POP A
MOV B, 1
SUB A, B
PUSH A
POP A
MOV B, 2
SUB A, B
PUSH A
POP A
MOV B, 3
SUB A, B
PUSH A
MOV A, 2
MOV B, 3
MUL B
PUSH A
MOV A, 23
MOV B, 4
MUL B
PUSH A
MOV A, 4
MOV B, 2
ADD A, B
PUSH A
POP A
MOV B, 1
SUB A, B
PUSH A
MOV A, 2
POP B
MUL B
PUSH A
POP A
MOV B, 0
MUL B
PUSH A
POP A
POP B
ADD A, B
PUSH A
POP A
POP B
ADD A, B
PUSH A
POP A
MOV B, 1
SUB A, B
PUSH A
POP A
MOV B, 2
SUB A, B
PUSH A
POP A
MOV B, 3
SUB A, B
PUSH A
PUSH 3
MOV A, 4
POP B
MUL B
PUSH A
POP A
POP B
ADD A, B
PUSH A
MOV A, 4
POP B
MUL B
PUSH A
POP A
POP B
ADD A, B
PUSH A
MOV A, 2
POP B
MUL B
PUSH A
POP A
MOV B, 0
MUL B
PUSH A
POP A
POP B
ADD A, B
PUSH A
POP A
POP B
ADD A, B
PUSH A
POP A
MOV B, 1
SUB A, B
PUSH A
POP A
MOV B, 2
SUB A, B
PUSH A
POP A
MOV B, 3
SUB A, B
PUSH A
PUSH 3
MOV A, 4
POP B
MUL B
PUSH A
POP A
POP B
ADD A, B
PUSH A
POP A
