MOV A, 4
MOV B, 5
ADD A, B
PUSH A
MOV A, 9
MOV B, 7
MUL B
PUSH A
POP A
POP B
ADD A, B
PUSH A
POP A
MOV B, 1
ADD A, B
PUSH A
POP A
MOV B, 3
SUB A, B
PUSH A
POP A
MOV B, 3
ADD A, B
PUSH A
POP A
MOV B, 5
SUB A, B
PUSH A
MOV A, 9
MOV B, 3
MUL B
PUSH A
POP A
POP B
ADD A, B
PUSH A
POP A
MOV B, 3
SUB A, B
PUSH A
MOV A, 3
MOV B, 1
MUL B
PUSH A
POP A
POP B
ADD A, B
PUSH A
POP A
MOV B, 0
SUB A, B
PUSH A
MOV A, 0
MOV B, 3
MUL B
PUSH A
POP A
MOV B, 6
MUL B
PUSH A
POP A
POP B
ADD A, B
PUSH A
MOV A, 0
MOV B, 0
MUL B
PUSH A
POP A
POP B
ADD A, B
PUSH A
POP A
