MOV A, 0
MOV B, 2
SUB A, B
 PUSH A
MOV A, 0
MOV B, 3
SUB A, B
 PUSH A
POP A
POP B
MUL B
PUSH A
POP A
