MOV A, 2
MOV B, 1
CMP B, 0
JZ final0
CMP B, 1
JZ rot0
loop0:
	MUL A
	SUB B, 1
	CMP B, 1
	JNZ loop0
rot0:
	PUSH A
	JMP dps0
final0:
	PUSH 1
dps0: 
MOV A, 2
POP B
ADD A, B
PUSH A
MOV A, 3
POP B
CMP B, 0
JZ final1
CMP B, 1
JZ rot1
loop1:
	MUL A
	SUB B, 1
	CMP B, 1
	JNZ loop1
rot1:
	PUSH A
	JMP dps1
final1:
	PUSH 1
dps1: 
POP A
