MOV A, 2
MOV B, 3
ADD A, B
PUSH A
POP A
MOV B, 5
ADD A, B
PUSH A
POP A
MOV B, 8
ADD A, B
PUSH A
POP A
MOV B, 8
ADD A, B
PUSH A
MOV A, 9
MOV B, 5
MUL B
PUSH A
POP A
POP B
SUB A, B
PUSH A
POP A
MOV B, 2
SUB A, B
PUSH A
POP A
MOV B, 0
ADD A, B
PUSH A
POP A
MOV B, 2
SUB A, B
PUSH A
MOV A, 9
MOV B, 9
MUL B
PUSH A
POP A
POP B
ADD A, B
PUSH A
POP A
