MOV A, 0
MOV B, 2
SUB A, B
 PUSH A
POP A
MOV B, 3
MUL B
PUSH A
POP A
