MOV A, 4
MOV B, 4
MUL B
PUSH A
POP A
MOV B, 4
MUL B
PUSH A
POP A
MOV B, 4
MUL B
PUSH A
POP A
MOV B, 1
ADD A, B
PUSH A
POP A
MOV B, 257
SUB A, B
PUSH A
POP A
MOV B, 3
MUL B
PUSH A
POP A
MOV B, 1
ADD A, B
PUSH A
POP A
