MOV A, 1
MOV B, 2
MUL B
PUSH A
MOV A, 3
MOV B, 4
MUL B
PUSH A
POP A
POP B
ADD A, B
PUSH A
MOV A, 5
MOV B, 6
MUL B
PUSH A
POP A
POP B
ADD A, B
PUSH A
MOV A, 7
MOV B, 8
MUL B
PUSH A
POP A
POP B
ADD A, B
PUSH A
POP A
