MOV A, 3
MOV B, 9
ADD A, B
PUSH A
MOV A, 3
MOV B, 3
ADD A, B
PUSH A
POP A
MOV B, 5
MUL B
PUSH A
POP A
POP B
SUB A, B
PUSH A
MOV A, 3
MOV B, 3
ADD A, B
PUSH A
POP A
MOV B, 6
MUL B
PUSH A
POP A
POP B
ADD A, B
PUSH A
POP A
